0.355235
0.305496
0.627264
0.457323
0.5895
0.665183
