0.410191
0.440844
0.383438
0.346985
0.628813
0.789729
